[ok] 索引清单：collection=kb_rageval_t2r 段落=20000 分块=28771
[ok] 索引覆盖率校验通过：123 个相关段落全部可检索
[ok] 续跑：历史成功 47 条，本次待跑 53 条（金标准合计 100）
[ok] 精排模型已加载：BAAI/bge-reranker-v2-m3 device=mps
[1/53] 20758        rel1     ok  已用 0.7min  剩余≈38.7min  失败累计 0
[2/53] 22134        rel2     ok  已用 1.3min  剩余≈33.9min  失败累计 0
[3/53] 22208        rel1     ok  已用 1.9min  剩余≈32.2min  失败累计 0
[4/53] 22240        rel1     ok  已用 2.5min  剩余≈31.1min  失败累计 0
[5/53] 22592        rel2     ERR ResponseHandlingException: [Errno 61] Connection refused  已用 2.5min  剩余≈24.4min  失败累计 1
[6/53] 23019        rel3plus ERR ResponseHandlingException: [Errno 61] Connection refused  已用 2.5min  剩余≈19.9min  失败累计 2
[7/53] 23598        rel1     ERR ResponseHandlingException: [Errno 61] Connection refused  已用 2.5min  剩余≈16.7min  失败累计 3
[8/53] 23687        rel1     ERR ResponseHandlingException: [Errno 61] Connection refused  已用 2.5min  剩余≈14.3min  失败累计 4
[9/53] 23772        rel1     ERR ResponseHandlingException: [Errno 61] Connection refused  已用 2.5min  剩余≈12.4min  失败累计 5
[10/53] 23973        rel1     ERR ResponseHandlingException: [Errno 61] Connection refused  已用 2.5min  剩余≈11.0min  失败累计 6
[11/53] 24127        rel1     ERR ResponseHandlingException: [Errno 61] Connection refused  已用 2.5min  剩余≈9.7min  失败累计 7
[12/53] 24596        rel1     ERR ResponseHandlingException: [Errno 61] Connection refused  已用 2.5min  剩余≈8.7min  失败累计 8
[13/53] 24644        rel1     ERR ResponseHandlingException: [Errno 61] Connection refused  已用 2.5min  剩余≈7.8min  失败累计 9
[14/53] 24661        rel1     ERR ResponseHandlingException: [Errno 61] Connection refused  已用 2.6min  剩余≈7.1min  失败累计 10
[15/53] 24808        rel1     ERR ResponseHandlingException: [Errno 61] Connection refused  已用 2.6min  剩余≈6.5min  失败累计 11
[16/53] 24839        rel1     ERR ResponseHandlingException: [Errno 61] Connection refused  已用 2.6min  剩余≈5.9min  失败累计 12
[17/53] 24894        rel1     ERR ResponseHandlingException: [Errno 61] Connection refused  已用 2.6min  剩余≈5.4min  失败累计 13
[18/53] 3091         rel1     ERR ResponseHandlingException: [Errno 61] Connection refused  已用 2.6min  剩余≈5.0min  失败累计 14
[19/53] 3153         rel1     ERR ResponseHandlingException: [Errno 61] Connection refused  已用 2.6min  剩余≈4.6min  失败累计 15
[20/53] 324          rel1     ERR ResponseHandlingException: [Errno 61] Connection refused  已用 2.6min  剩余≈4.2min  失败累计 16
[21/53] 3401         rel1     ERR ResponseHandlingException: [Errno 61] Connection refused  已用 2.6min  剩余≈3.9min  失败累计 17
[22/53] 3431         rel1     ERR ResponseHandlingException: [Errno 61] Connection refused  已用 2.6min  剩余≈3.6min  失败累计 18
[23/53] 3785         rel1     ERR ResponseHandlingException: [Errno 61] Connection refused  已用 2.6min  剩余≈3.3min  失败累计 19
[24/53] 3847         rel1     ERR ResponseHandlingException: [Errno 61] Connection refused  已用 2.6min  剩余≈3.1min  失败累计 20
[25/53] 3869         rel2     ERR ResponseHandlingException: [Errno 61] Connection refused  已用 2.6min  剩余≈2.9min  失败累计 21
[26/53] 4179         rel1     ERR ResponseHandlingException: [Errno 61] Connection refused  已用 2.6min  剩余≈2.7min  失败累计 22
[27/53] 4340         rel2     ERR ResponseHandlingException: [Errno 61] Connection refused  已用 2.6min  剩余≈2.5min  失败累计 23
[28/53] 4345         rel1     ERR ResponseHandlingException: [Errno 61] Connection refused  已用 2.6min  剩余≈2.3min  失败累计 24
[29/53] 4452         rel1     ERR ResponseHandlingException: [Errno 61] Connection refused  已用 2.6min  剩余≈2.1min  失败累计 25
[30/53] 4663         rel2     ERR ResponseHandlingException: [Errno 61] Connection refused  已用 2.6min  剩余≈2.0min  失败累计 26
[31/53] 5191         rel1     ERR ResponseHandlingException: [Errno 61] Connection refused  已用 2.6min  剩余≈1.8min  失败累计 27
[32/53] 5207         rel1     ERR ResponseHandlingException: [Errno 61] Connection refused  已用 2.6min  剩余≈1.7min  失败累计 28
[33/53] 5698         rel2     ERR ResponseHandlingException: [Errno 61] Connection refused  已用 2.6min  剩余≈1.6min  失败累计 29
[34/53] 5895         rel1     ERR ResponseHandlingException: [Errno 61] Connection refused  已用 2.6min  剩余≈1.4min  失败累计 30
[35/53] 6693         rel1     ERR ResponseHandlingException: [Errno 61] Connection refused  已用 2.6min  剩余≈1.3min  失败累计 31
[36/53] 6756         rel1     ERR ResponseHandlingException: [Errno 61] Connection refused  已用 2.6min  剩余≈1.2min  失败累计 32
[37/53] 6865         rel1     ERR ResponseHandlingException: [Errno 61] Connection refused  已用 2.6min  剩余≈1.1min  失败累计 33
[38/53] 6985         rel1     ERR ResponseHandlingException: [Errno 61] Connection refused  已用 2.6min  剩余≈1.0min  失败累计 34
[39/53] 7006         rel1     ERR ResponseHandlingException: [Errno 61] Connection refused  已用 2.6min  剩余≈0.9min  失败累计 35
[40/53] 7437         rel1     ERR ResponseHandlingException: [Errno 61] Connection refused  已用 2.6min  剩余≈0.8min  失败累计 36
[41/53] 8277         rel1     ERR ResponseHandlingException: [Errno 61] Connection refused  已用 2.6min  剩余≈0.8min  失败累计 37
[42/53] 8507         rel2     ERR ResponseHandlingException: [Errno 61] Connection refused  已用 2.6min  剩余≈0.7min  失败累计 38
[43/53] 8538         rel1     ERR ResponseHandlingException: [Errno 61] Connection refused  已用 2.6min  剩余≈0.6min  失败累计 39
[44/53] 9073         rel1     ERR ResponseHandlingException: [Errno 61] Connection refused  已用 2.6min  剩余≈0.5min  失败累计 40
[45/53] 9403         rel1     ERR ResponseHandlingException: [Errno 61] Connection refused  已用 2.6min  剩余≈0.5min  失败累计 41
[46/53] 9426         rel2     ERR ResponseHandlingException: [Errno 61] Connection refused  已用 2.6min  剩余≈0.4min  失败累计 42
[47/53] 9449         rel1     ERR ResponseHandlingException: [Errno 61] Connection refused  已用 2.6min  剩余≈0.3min  失败累计 43
[48/53] 9565         rel1     ERR ResponseHandlingException: [Errno 61] Connection refused  已用 2.6min  剩余≈0.3min  失败累计 44
[49/53] 9619         rel1     ERR ResponseHandlingException: [Errno 61] Connection refused  已用 2.6min  剩余≈0.2min  失败累计 45
[50/53] 970          rel1     ERR ResponseHandlingException: [Errno 61] Connection refused  已用 2.6min  剩余≈0.2min  失败累计 46
[51/53] 9828         rel1     ERR ResponseHandlingException: [Errno 61] Connection refused  已用 2.6min  剩余≈0.1min  失败累计 47
[52/53] 9915         rel1     ERR ResponseHandlingException: [Errno 61] Connection refused  已用 2.6min  剩余≈0.0min  失败累计 48
[53/53] 9987         rel1     ERR ResponseHandlingException: [Errno 61] Connection refused  已用 2.6min  剩余≈0.0min  失败累计 49
[ok] 已合并历史结果：覆盖 100 条查询（成功 51，失败 49）

运行：reranked    检索器：passage(reranked(qdrant:kb_rageval_t2r))
查询数：51（失败 49）
----------------------------------------------------------
指标                  @1          @3          @5         @10
RECALL          0.6144      0.7614      0.8072      0.8431
HIT             0.7255      0.8039      0.8431      0.8627
MRR             0.7255      0.7614      0.7693      0.7721
NDCG            0.7255      0.7415      0.7602      0.7737
MAP             0.6144      0.7200      0.7318      0.7401
candidate       0.9020  (recall)
cand.size         81.7  (实际候选集规模)
----------------------------------------------------------
召回延迟 p50=62.255ms  p95=458.313ms
精排延迟 p50=34702.731ms  p95=40917.779ms
端到端延迟 p50=35047.462ms  p95=43445.476ms
门禁 recall@5: ❌ 不通过  基线=0.8666666666666667  本次=0.80718954248366  Δ=-5.95pp

JSON 报告：data/rag_eval/reports/reranked.json
Markdown 报告：data/rag_eval/reports/reranked.md
对照报告：data/rag_eval/reports/reranked-comparison.md
